// Jest Snapshot v1, https://goo.gl/fbAQLP

exports[`Item snapshot 1`] = `
<View
  style={
    Object {
      "alignItems": "center",
      "flex": 1,
      "justifyContent": "center",
    }
  }
>
  <Text>
    Sanjib
  </Text>
  <Text
    style={
      Object {
        "color": "black",
        "fontSize": 18,
      }
    }
  >
    Items
  </Text>
</View>
`;
